
   PASS  Tests\Unit\ExampleTest
  Γ£ô that true is true                                                    0.02s  

   PASS  Tests\Feature\Auth\AuthenticationTest
  Γ£ô login screen can be rendered                                         1.04s  
  Γ£ô users can authenticate using the login screen                        0.17s  
  Γ£ô users can not authenticate with invalid password                     0.27s  
  Γ£ô users can logout                                                     0.05s  

   PASS  Tests\Feature\Auth\EmailVerificationTest
  Γ£ô email verification screen can be rendered                            0.09s  
  Γ£ô email can be verified                                                0.07s  
  Γ£ô email is not verified with invalid hash                              0.07s  

   PASS  Tests\Feature\Auth\PasswordConfirmationTest
  Γ£ô confirm password screen can be rendered                              0.06s  
  Γ£ô password can be confirmed                                            0.04s  
  Γ£ô password is not confirmed with invalid password                      0.26s  

   PASS  Tests\Feature\Auth\PasswordResetTest
  Γ£ô reset password link screen can be rendered                           0.06s  
  Γ£ô reset password link can be requested                                 0.29s  
  Γ£ô reset password screen can be rendered                                0.31s  
  Γ£ô password can be reset with valid token                               0.32s  

   PASS  Tests\Feature\Auth\PasswordUpdateTest
  Γ£ô password can be updated                                              0.08s  
  Γ£ô correct password must be provided to update password                 0.06s  

   PASS  Tests\Feature\Auth\RegistrationTest
  Γ£ô registration screen can be rendered                                  0.07s  
  Γ£ô new users can register                                               0.07s  

   PASS  Tests\Feature\Task\TaskTest
  Γ£ô authenticated user can view dashboard with tasks                     0.16s  
  Γ£ô guest is redirected from dashboard                                   0.06s  
  Γ£ô user can create a task                                               0.09s  
  Γ£ô task title is required                                               0.08s  
  Γ£ô task status must be valid                                            0.07s  
  Γ£ô user can update their own task                                       0.08s  
  Γ£ô user cannot update another users task                                0.08s  
  Γ£ô user can delete their own task                                       0.07s  
  Γ£ô user cannot delete another users task                                0.08s  
  Γ£ô edit page shows for task owner                                       0.09s  
  Γ£ô dashboard tasks only show current users tasks                        0.13s  

  Tests:    30 passed (92 assertions)
  Duration: 4.81s

